Connecting as TenMinTester for 10.0 minutes...
Logged in. Tracking for 600 seconds.
